// Jest Snapshot v1, https://goo.gl/fbAQLP

exports[`Contact component matches snapshot 1`] = `
<div
  className="Contact"
>
  <h1
    className="header"
  >
    <i
      className="fas fa-comment-dots"
      title="contact"
    />
     Contact
  </h1>
  <i
    className="fas fa-angle-down fa-2x home"
    title="home"
  />
</div>
`;
