// Jest Snapshot v1, https://goo.gl/fbAQLP

exports[`Post component matches snapshot 1`] = `
<div
  className="Post"
>
  <h2
    className="title"
    onClick={[Function]}
  >
    <span
      className="highlight-hover"
    />
  </h2>
  <p
    className="date"
  >
    undefined NaN, NaN
  </p>
</div>
`;
