// Jest Snapshot v1, https://goo.gl/fbAQLP

exports[`Admin component matches snapshot 1`] = `
<div
  className="Admin"
>
  <h1
    className="header"
  >
    <i
      className="fas fa-user-lock"
      title="about"
    />
     Admin
  </h1>
  <div
    className="new-project-form"
  >
    <h2
      className="form-header"
    >
      <span
        className="highlight"
      >
        New project
      </span>
    </h2>
    <form
      action="/api/projects"
      className=""
      method="POST"
    >
      <div
        className="form-group"
      >
        <input
          className="form-control"
          name="name"
          placeholder="Name"
          type="text"
        />
      </div>
      <div
        className="form-group"
      >
        <textarea
          className="form-control"
          name="description"
          placeholder="Description"
          rows="3"
        />
        <small
          className="form-text"
        >
          <a
            href="https://github.com/adam-p/markdown-here/wiki/Markdown-Cheatsheet/"
          >
            Markdown cheatsheet
          </a>
        </small>
      </div>
      <div
        className="form-group"
      >
        <input
          className="form-control"
          name="projectURL"
          placeholder="Project URL"
          type="text"
        />
        <small
          className="form-text"
        >
          https://project.com
        </small>
      </div>
      <div
        className="form-group"
      >
        <input
          className="form-control"
          name="githubURL"
          placeholder="GitHub URL"
          type="text"
        />
        <small
          className="form-text"
        >
          https://github.com/username/project
        </small>
      </div>
      <div
        className="form-group"
      >
        <div
          className="form-check form-check-inline"
        >
          <input
            className="form-check-input"
            disabled={false}
            name="badges[]"
            type="checkbox"
            value="CREATOR"
          />
          <label
            className="form-check-label"
            title=""
            type="checkbox"
          >
            Creator
          </label>
        </div>
        <div
          className="form-check form-check-inline"
        >
          <input
            className="form-check-input"
            disabled={false}
            name="badges[]"
            type="checkbox"
            value="CONTRIBUTOR"
          />
          <label
            className="form-check-label"
            title=""
            type="checkbox"
          >
            Contributor
          </label>
        </div>
        <div
          className="form-check form-check-inline"
        >
          <input
            className="form-check-input"
            disabled={false}
            name="badges[]"
            type="checkbox"
            value="ACTIVE"
          />
          <label
            className="form-check-label"
            title=""
            type="checkbox"
          >
            Active
          </label>
        </div>
        <div
          className="form-check form-check-inline"
        >
          <input
            className="form-check-input"
            disabled={false}
            name="badges[]"
            type="checkbox"
            value="INACTIVE"
          />
          <label
            className="form-check-label"
            title=""
            type="checkbox"
          >
            Inactive
          </label>
        </div>
      </div>
      <button
        className="btn btn-primary"
        disabled={false}
        type="submit"
      >
        Add
      </button>
    </form>
  </div>
</div>
`;
