// Jest Snapshot v1, https://goo.gl/fbAQLP

exports[`Projects component matches snapshot 1`] = `
<div
  className="Projects"
>
  <h1
    className="header"
  >
    <i
      className="fas fa-code"
      title="projects"
    />
     Projects
  </h1>
  <i
    className="fas fa-angle-right fa-2x home"
    title="home"
  />
</div>
`;
