// Jest Snapshot v1, https://goo.gl/fbAQLP

exports[`Blog component matches snapshot 1`] = `
<div
  className="Blog"
>
  <h1
    className="header"
  >
    <i
      className="fas fa-align-left"
      title="blog"
    />
     Blog
  </h1>
  <i
    className="fas fa-angle-left fa-2x home"
    title="home"
  />
</div>
`;
