// Jest Snapshot v1, https://goo.gl/fbAQLP

exports[`About component matches snapshot 1`] = `
<div
  className="About"
>
  <h1
    className="header"
  >
    <i
      className="fas fa-user"
      title="about"
    />
     About
  </h1>
  <i
    className="fas fa-angle-up fa-2x home"
    title="home"
  />
</div>
`;
