// Jest Snapshot v1, https://goo.gl/fbAQLP

exports[`Home component matches snapshot 1`] = `
<div
  className="Home"
>
  <nav
    className="navbar navbar-expand-lg navbar-light fixed-top"
  >
    <button
      aria-label="Toggle navigation"
      className="navbar-toggler"
      onClick={[Function]}
      type="button"
    >
      <i
        className="fas fa-ellipsis-h"
        title="menu"
      />
    </button>
    <div
      aria-expanded={null}
      className="navbar-collapse collapse"
    >
      <div
        className="navbar-nav"
        onKeyDown={[Function]}
      >
        <i
          className="fas fa-user fa-2x icon about"
          title="about"
        />
        <i
          className="fas fa-align-left fa-2x icon blog"
          title="blog"
        />
        <i
          className="fas fa-comment-dots fa-2x icon contact"
          title="contact"
        />
        <i
          className="fas fa-code fa-2x icon projects"
          title="projects"
        />
      </div>
    </div>
  </nav>
  <h1
    className="name"
  >
    Austin Ratcliff
  </h1>
  <h2
    className="title"
  >
    Software Developer
  </h2>
</div>
`;
